00:16:53 **** Incremental Build of configuration Debug for project problem2 ****
make -j8 all 
arm-none-eabi-gcc "../Core/Src/led_display.c" -mcpu=cortex-m3 -std=gnu11 -g3 -DDEBUG -DUSE_HAL_DRIVER -DSTM32F103x6 -c -I../Core/Inc -I../Drivers/STM32F1xx_HAL_Driver/Inc -I../Drivers/STM32F1xx_HAL_Driver/Inc/Legacy -I../Drivers/CMSIS/Device/ST/STM32F1xx/Include -I../Drivers/CMSIS/Include -O0 -ffunction-sections -fdata-sections -Wall -fstack-usage -MMD -MP -MF"Core/Src/led_display.d" -MT"Core/Src/led_display.o" --specs=nano.specs -mfloat-abi=soft -mthumb -o "Core/Src/led_display.o"
arm-none-eabi-gcc -o "problem2.elf" @"objects.list"   -mcpu=cortex-m3 -T"F:\my file\VXL\lab\lab3\problem2\STM32F103C6TX_FLASH.ld" --specs=nosys.specs -Wl,-Map="problem2.map" -Wl,--gc-sections -static --specs=nano.specs -mfloat-abi=soft -mthumb -Wl,--start-group -lc -lm -Wl,--end-group
Finished building target: problem2.elf
 
arm-none-eabi-size   problem2.elf 
arm-none-eabi-objdump -h -S  problem2.elf  > "problem2.list"
arm-none-eabi-objcopy  -O ihex  problem2.elf  "problem2.hex"
arm-none-eabi-objcopy  -O binary  problem2.elf  "problem2.bin"
   text	   data	    bss	    dec	    hex	filename
   9212	     48	   1728	  10988	   2aec	problem2.elf
Finished building: default.size.stdout
 
Finished building: problem2.bin
Finished building: problem2.hex
 
 
Finished building: problem2.list
 

00:16:54 Build Finished. 0 errors, 0 warnings. (took 937ms)

