00:00:03 **** Incremental Build of configuration Debug for project count_time ****
make -j8 all 
arm-none-eabi-gcc "../Core/Src/display_7SEG.c" -mcpu=cortex-m3 -std=gnu11 -g3 -DDEBUG -DUSE_HAL_DRIVER -DSTM32F103x6 -c -I../Core/Inc -I../Drivers/STM32F1xx_HAL_Driver/Inc -I../Drivers/STM32F1xx_HAL_Driver/Inc/Legacy -I../Drivers/CMSIS/Device/ST/STM32F1xx/Include -I../Drivers/CMSIS/Include -O0 -ffunction-sections -fdata-sections -Wall -fstack-usage -MMD -MP -MF"Core/Src/display_7SEG.d" -MT"Core/Src/display_7SEG.o" --specs=nano.specs -mfloat-abi=soft -mthumb -o "Core/Src/display_7SEG.o"
arm-none-eabi-gcc -o "count_time.elf" @"objects.list"   -mcpu=cortex-m3 -T"F:\my file\VXL\lab\workspace\count_time\STM32F103C6TX_FLASH.ld" --specs=nosys.specs -Wl,-Map="count_time.map" -Wl,--gc-sections -static --specs=nano.specs -mfloat-abi=soft -mthumb -Wl,--start-group -lc -lm -Wl,--end-group
Finished building target: count_time.elf
 
arm-none-eabi-size   count_time.elf 
arm-none-eabi-objdump -h -S  count_time.elf  > "count_time.list"
arm-none-eabi-objcopy  -O ihex  count_time.elf  "count_time.hex"
arm-none-eabi-objcopy  -O binary  count_time.elf  "count_time.bin"
   text	   data	    bss	    dec	    hex	filename
   7596	     20	   1652	   9268	   2434	count_time.elf
Finished building: default.size.stdout
 
Finished building: count_time.hex
Finished building: count_time.bin
 
 
Finished building: count_time.list
 
