14:24:03 **** Incremental Build of configuration Debug for project goat_counting ****
make -j8 all 
arm-none-eabi-gcc "../Core/Src/main.c" -mcpu=cortex-m3 -std=gnu11 -g3 -DDEBUG -DUSE_HAL_DRIVER -DSTM32F103x6 -c -I../Core/Inc -I../Drivers/STM32F1xx_HAL_Driver/Inc -I../Drivers/STM32F1xx_HAL_Driver/Inc/Legacy -I../Drivers/CMSIS/Device/ST/STM32F1xx/Include -I../Drivers/CMSIS/Include -O0 -ffunction-sections -fdata-sections -Wall -fstack-usage -MMD -MP -MF"Core/Src/main.d" -MT"Core/Src/main.o" --specs=nano.specs -mfloat-abi=soft -mthumb -o "Core/Src/main.o"
arm-none-eabi-gcc -o "goat_counting.elf" @"objects.list"   -mcpu=cortex-m3 -T"F:\my file\VXL\lab\workspace\goat_counting\STM32F103C6TX_FLASH.ld" --specs=nosys.specs -Wl,-Map="goat_counting.map" -Wl,--gc-sections -static --specs=nano.specs -mfloat-abi=soft -mthumb -Wl,--start-group -lc -lm -Wl,--end-group
Finished building target: goat_counting.elf
 
arm-none-eabi-size   goat_counting.elf 
arm-none-eabi-objdump -h -S  goat_counting.elf  > "goat_counting.list"
arm-none-eabi-objcopy  -O ihex  goat_counting.elf  "goat_counting.hex"
arm-none-eabi-objcopy  -O binary  goat_counting.elf  "goat_counting.bin"
   text	   data	    bss	    dec	    hex	filename
   5428	     20	   1572	   7020	   1b6c	goat_counting.elf
Finished building: default.size.stdout
 
Finished building: goat_counting.hex
Finished building: goat_counting.bin
 
Finished building: goat_counting.list
 
 

14:24:04 Build Finished. 0 errors, 0 warnings. (took 836ms)

