13:23:05 **** Incremental Build of configuration Debug for project timer ****
make -j8 all 
arm-none-eabi-gcc "../Core/Src/main.c" -mcpu=cortex-m3 -std=gnu11 -g3 -DDEBUG -DUSE_HAL_DRIVER -DSTM32F103x6 -c -I../Core/Inc -I../Drivers/STM32F1xx_HAL_Driver/Inc -I../Drivers/STM32F1xx_HAL_Driver/Inc/Legacy -I../Drivers/CMSIS/Device/ST/STM32F1xx/Include -I../Drivers/CMSIS/Include -O0 -ffunction-sections -fdata-sections -Wall -fstack-usage -MMD -MP -MF"Core/Src/main.d" -MT"Core/Src/main.o" --specs=nano.specs -mfloat-abi=soft -mthumb -o "Core/Src/main.o"
arm-none-eabi-gcc -o "timer.elf" @"objects.list"   -mcpu=cortex-m3 -T"F:\my file\VXL\lab\workspace\timer\STM32F103C6TX_FLASH.ld" --specs=nosys.specs -Wl,-Map="timer.map" -Wl,--gc-sections -static --specs=nano.specs -mfloat-abi=soft -mthumb -Wl,--start-group -lc -lm -Wl,--end-group
Finished building target: timer.elf
 
arm-none-eabi-size   timer.elf 
arm-none-eabi-objdump -h -S  timer.elf  > "timer.list"
arm-none-eabi-objcopy  -O ihex  timer.elf  "timer.hex"
arm-none-eabi-objcopy  -O binary  timer.elf  "timer.bin"
   text	   data	    bss	    dec	    hex	filename
   6880	     20	   1644	   8544	   2160	timer.elf
Finished building: default.size.stdout
 
Finished building: timer.hex
Finished building: timer.bin
 
 
Finished building: timer.list
 

13:23:06 Build Finished. 0 errors, 0 warnings. (took 953ms)

