13:22:59 **** Incremental Build of configuration Debug for project ex6 ****
make -j8 all 
arm-none-eabi-gcc "../Core/Src/main.c" -mcpu=cortex-m3 -std=gnu11 -g3 -DDEBUG -DUSE_HAL_DRIVER -DSTM32F103x6 -c -I../Core/Inc -I../Drivers/STM32F1xx_HAL_Driver/Inc -I../Drivers/STM32F1xx_HAL_Driver/Inc/Legacy -I../Drivers/CMSIS/Device/ST/STM32F1xx/Include -I../Drivers/CMSIS/Include -O0 -ffunction-sections -fdata-sections -Wall -fstack-usage -MMD -MP -MF"Core/Src/main.d" -MT"Core/Src/main.o" --specs=nano.specs -mfloat-abi=soft -mthumb -o "Core/Src/main.o"
../Core/Src/main.c:131:8: warning: 'clearNumberOnClock' defined but not used [-Wunused-function]
  131 |   void clearNumberOnClock(int num){
      |        ^~~~~~~~~~~~~~~~~~
arm-none-eabi-gcc -o "ex6.elf" @"objects.list"   -mcpu=cortex-m3 -T"F:\my file\VXL\lab\lab1\ex6\STM32F103C6TX_FLASH.ld" --specs=nosys.specs -Wl,-Map="ex6.map" -Wl,--gc-sections -static --specs=nano.specs -mfloat-abi=soft -mthumb -Wl,--start-group -lc -lm -Wl,--end-group
Finished building target: ex6.elf
 
arm-none-eabi-size   ex6.elf 
arm-none-eabi-objdump -h -S  ex6.elf  > "ex6.list"
arm-none-eabi-objcopy  -O ihex  ex6.elf  "ex6.hex"
arm-none-eabi-objcopy  -O binary  ex6.elf  "ex6.bin"
   text	   data	    bss	    dec	    hex	filename
   4996	     20	   1572	   6588	   19bc	ex6.elf
Finished building: default.size.stdout
 
Finished building: ex6.hex
Finished building: ex6.bin
 
Finished building: ex6.list
 
 

13:23:00 Build Finished. 0 errors, 1 warnings. (took 859ms)

